// Jest Snapshot v1, https://goo.gl/fbAQLP

exports[`DayComponenet Component should render correctly 1`] = `ShallowWrapper {}`;
